// Jest Snapshot v1, https://goo.gl/fbAQLP

exports[`Home renders without crashing 1`] = `
"<Fragment>
  <ChatContainer>
    <Chat messages={{...}} />
  </ChatContainer>
  <Form>
    <styled.div>
      <Input onChange={[Function: onChange]} value=\\"\\" name=\\"msg\\" autoComplete=\\"off\\" id=\\"msgInput\\" />
      <Button type=\\"submit\\" onClick={[Function: onSubmit]}>
        <i class=\\"far fa-paper-plane\\" />
      </Button>
    </styled.div>
  </Form>
</Fragment>"
`;
