// Jest Snapshot v1, https://goo.gl/fbAQLP

exports[`Login renders without crashing 1`] = `
"<styled.div>
  <styled.div>
    <styled.div>
      <styled.img src={[undefined]} />
    </styled.div>
    <form onSubmit={[Function: onSubmit]}>
      <styled.div>
        <styled.label htmlFor=\\"email\\">
          Email
        </styled.label>
        <styled.input type=\\"email\\" name=\\"email\\" value=\\"\\" onChange={[Function: onChange]} />
      </styled.div>
      <styled.div>
        <styled.label htmlFor=\\"password\\">
          Password
        </styled.label>
        <styled.input type=\\"password\\" name=\\"password\\" value=\\"\\" onChange={[Function: onChange]} />
      </styled.div>
      <styled.div>
        <styled.button type=\\"submit\\">
          Log in
        </styled.button>
      </styled.div>
    </form>
    <styled.div>
      Icons made by
       
      <styled.a href=\\"https://www.flaticon.com/authors/darius-dan\\" title=\\"Darius Dan\\">
        Darius Dan
      </styled.a>
       
      from
       
      <br />
      <styled.a href=\\"https://www.flaticon.com/\\" title=\\"Flaticon\\">
        www.flaticon.com
      </styled.a>
    </styled.div>
  </styled.div>
</styled.div>"
`;
